> Task :app:preBuild UP-TO-DATE
> Task :app:preDebugBuild UP-TO-DATE
> Task :app:mergeDebugNativeDebugMetadata NO-SOURCE
> Task :app:checkKotlinGradlePluginConfigurationErrors SKIPPED
> Task :app:checkDebugAarMetadata UP-TO-DATE
> Task :app:processDebugNavigationResources UP-TO-DATE
> Task :app:compileDebugNavigationResources UP-TO-DATE
> Task :app:generateDebugResValues UP-TO-DATE
> Task :app:processDebugGoogleServices UP-TO-DATE
> Task :app:mapDebugSourceSetPaths UP-TO-DATE
> Task :app:generateDebugResources UP-TO-DATE
> Task :app:mergeDebugResources UP-TO-DATE
> Task :app:packageDebugResources UP-TO-DATE
> Task :app:parseDebugLocalResources UP-TO-DATE
> Task :app:createDebugCompatibleScreenManifests UP-TO-DATE
> Task :app:extractDeepLinksDebug UP-TO-DATE
> Task :app:processDebugMainManifest UP-TO-DATE
> Task :app:processDebugManifest UP-TO-DATE
> Task :app:processDebugManifestForPackage UP-TO-DATE
> Task :app:processDebugResources UP-TO-DATE
> Task :app:kspDebugKotlin UP-TO-DATE
> Task :app:javaPreCompileDebug UP-TO-DATE
> Task :app:mergeDebugShaders UP-TO-DATE
> Task :app:compileDebugShaders NO-SOURCE
> Task :app:generateDebugAssets UP-TO-DATE
> Task :app:mergeDebugAssets UP-TO-DATE
> Task :app:compressDebugAssets UP-TO-DATE
> Task :app:checkDebugDuplicateClasses UP-TO-DATE
> Task :app:desugarDebugFileDependencies UP-TO-DATE
> Task :app:mergeExtDexDebug UP-TO-DATE
> Task :app:mergeLibDexDebug UP-TO-DATE
> Task :app:mergeDebugJniLibFolders UP-TO-DATE
> Task :app:mergeDebugNativeLibs UP-TO-DATE
> Task :app:stripDebugDebugSymbols UP-TO-DATE
> Task :app:validateSigningDebug UP-TO-DATE
> Task :app:writeDebugAppMetadata UP-TO-DATE
> Task :app:writeDebugSigningConfigVersions UP-TO-DATE

> Task :app:compileDebugKotlin FAILED
e: file:///home/ahmed/Dev/Antigravity/Finjan/app/src/main/java/com/example/finjan/data/model/FirestoreModels.kt:94:5 '@set:' annotations can only be applied to mutable properties.
e: file:///home/ahmed/Dev/Antigravity/Finjan/app/src/main/java/com/example/finjan/data/model/FirestoreModels.kt:108:5 '@set:' annotations can only be applied to mutable properties.
e: file:///home/ahmed/Dev/Antigravity/Finjan/app/src/main/java/com/example/finjan/data/model/FirestoreModels.kt:111:5 '@set:' annotations can only be applied to mutable properties.
e: file:///home/ahmed/Dev/Antigravity/Finjan/app/src/main/java/com/example/finjan/data/repository/FirestoreRepository.kt:210:17 No parameter with name 'totalAmount' found.
e: file:///home/ahmed/Dev/Antigravity/Finjan/app/src/main/java/com/example/finjan/data/repository/FirestoreRepository.kt:213:17 No parameter with name 'notes' found.
e: file:///home/ahmed/Dev/Antigravity/Finjan/app/src/main/java/com/example/finjan/data/repository/FirestoreRepository.kt:254:5 Conflicting overloads:
suspend fun getOrder(orderId: String): Result<Order>
e: file:///home/ahmed/Dev/Antigravity/Finjan/app/src/main/java/com/example/finjan/data/repository/FirestoreRepository.kt:276:5 Conflicting overloads:
fun observeOrder(orderId: String): Flow<Result<Order>>
e: file:///home/ahmed/Dev/Antigravity/Finjan/app/src/main/java/com/example/finjan/data/repository/FirestoreRepository.kt:434:5 Conflicting overloads:
suspend fun getOrder(orderId: String): Result<Order>
e: file:///home/ahmed/Dev/Antigravity/Finjan/app/src/main/java/com/example/finjan/data/repository/FirestoreRepository.kt:477:5 Conflicting overloads:
fun observeOrder(orderId: String): Flow<Result<Order>>
e: file:///home/ahmed/Dev/Antigravity/Finjan/app/src/main/java/com/example/finjan/data/repository/LocalRepository.kt:40:37 Argument type mismatch: actual type is 'java.lang.IllegalArgumentException', but 'kotlin.String' was expected.
e: file:///home/ahmed/Dev/Antigravity/Finjan/app/src/main/java/com/example/finjan/navigation/NavigationManager.kt:53:24 No value passed for parameter 'sharedViewModel'.
e: file:///home/ahmed/Dev/Antigravity/Finjan/app/src/main/java/com/example/finjan/navigation/NavigationManager.kt:60:58 No parameter with name 'authViewModel' found.
e: file:///home/ahmed/Dev/Antigravity/Finjan/app/src/main/java/com/example/finjan/ui/screens/cart/CartScreen.kt:119:32 No value passed for parameter 'isLoading'.
e: file:///home/ahmed/Dev/Antigravity/Finjan/app/src/main/java/com/example/finjan/ui/screens/cart/CartScreen.kt:122:28 Argument type mismatch: actual type is 'androidx.compose.ui.graphics.vector.ImageVector', but 'kotlin.Int?' was expected.
e: file:///home/ahmed/Dev/Antigravity/Finjan/app/src/main/java/com/example/finjan/ui/screens/cart/CartScreen.kt:259:21 No value passed for parameter 'isVisible'.
e: file:///home/ahmed/Dev/Antigravity/Finjan/app/src/main/java/com/example/finjan/ui/screens/favorites/FavoritesScreen.kt:107:32 No value passed for parameter 'isLoading'.
e: file:///home/ahmed/Dev/Antigravity/Finjan/app/src/main/java/com/example/finjan/ui/screens/favorites/FavoritesScreen.kt:110:28 Argument type mismatch: actual type is 'androidx.compose.ui.graphics.vector.ImageVector', but 'kotlin.Int?' was expected.
e: file:///home/ahmed/Dev/Antigravity/Finjan/app/src/main/java/com/example/finjan/ui/screens/favorites/FavoritesScreen.kt:145:21 No value passed for parameter 'isVisible'.
e: file:///home/ahmed/Dev/Antigravity/Finjan/app/src/main/java/com/example/finjan/ui/screens/order/OrderTrackingScreen.kt:121:32 No value passed for parameter 'isLoading'.
e: file:///home/ahmed/Dev/Antigravity/Finjan/app/src/main/java/com/example/finjan/utils/notifications/FinjanFirebaseMessagingService.kt:124:75 Suspend function 'suspend fun updateFcmToken(userId: String, token: String): Result<Unit>' should be called only from a coroutine or another suspend function.
e: file:///home/ahmed/Dev/Antigravity/Finjan/app/src/main/java/com/example/finjan/utils/payment/StripePaymentManager.kt:65:61 Unresolved reference 'Address'.
e: file:///home/ahmed/Dev/Antigravity/Finjan/app/src/main/java/com/example/finjan/viewmodel/CartViewModel.kt:51:56 Only safe (?.) or non-null asserted (!!.) calls are allowed on a nullable receiver of type 'kotlin.Throwable?'.
e: file:///home/ahmed/Dev/Antigravity/Finjan/app/src/main/java/com/example/finjan/viewmodel/CartViewModel.kt:74:67 Only safe (?.) or non-null asserted (!!.) calls are allowed on a nullable receiver of type 'kotlin.Throwable?'.
e: file:///home/ahmed/Dev/Antigravity/Finjan/app/src/main/java/com/example/finjan/viewmodel/CartViewModel.kt:84:67 Only safe (?.) or non-null asserted (!!.) calls are allowed on a nullable receiver of type 'kotlin.Throwable?'.
e: file:///home/ahmed/Dev/Antigravity/Finjan/app/src/main/java/com/example/finjan/viewmodel/CartViewModel.kt:94:67 Only safe (?.) or non-null asserted (!!.) calls are allowed on a nullable receiver of type 'kotlin.Throwable?'.
e: file:///home/ahmed/Dev/Antigravity/Finjan/app/src/main/java/com/example/finjan/viewmodel/CartViewModel.kt:104:67 Only safe (?.) or non-null asserted (!!.) calls are allowed on a nullable receiver of type 'kotlin.Throwable?'.
e: file:///home/ahmed/Dev/Antigravity/Finjan/app/src/main/java/com/example/finjan/viewmodel/FavoritesViewModel.kt:47:56 Only safe (?.) or non-null asserted (!!.) calls are allowed on a nullable receiver of type 'kotlin.Throwable?'.
e: file:///home/ahmed/Dev/Antigravity/Finjan/app/src/main/java/com/example/finjan/viewmodel/FavoritesViewModel.kt:75:67 Only safe (?.) or non-null asserted (!!.) calls are allowed on a nullable receiver of type 'kotlin.Throwable?'.
e: file:///home/ahmed/Dev/Antigravity/Finjan/app/src/main/java/com/example/finjan/viewmodel/FavoritesViewModel.kt:94:67 Only safe (?.) or non-null asserted (!!.) calls are allowed on a nullable receiver of type 'kotlin.Throwable?'.
e: file:///home/ahmed/Dev/Antigravity/Finjan/app/src/main/java/com/example/finjan/viewmodel/FavoritesViewModel.kt:104:67 Only safe (?.) or non-null asserted (!!.) calls are allowed on a nullable receiver of type 'kotlin.Throwable?'.
e: file:///home/ahmed/Dev/Antigravity/Finjan/app/src/main/java/com/example/finjan/viewmodel/OrderViewModel.kt:51:56 Only safe (?.) or non-null asserted (!!.) calls are allowed on a nullable receiver of type 'kotlin.Throwable?'.
e: file:///home/ahmed/Dev/Antigravity/Finjan/app/src/main/java/com/example/finjan/viewmodel/OrderViewModel.kt:67:52 Overload resolution ambiguity between candidates:
suspend fun getOrder(orderId: String): Result<Order>
suspend fun getOrder(orderId: String): Result<Order>
e: file:///home/ahmed/Dev/Antigravity/Finjan/app/src/main/java/com/example/finjan/viewmodel/OrderViewModel.kt:68:20 One type argument expected. Use class 'Success' if you don't intend to pass type arguments.
e: file:///home/ahmed/Dev/Antigravity/Finjan/app/src/main/java/com/example/finjan/viewmodel/OrderViewModel.kt:69:50 Unresolved reference 'data'.
e: file:///home/ahmed/Dev/Antigravity/Finjan/app/src/main/java/com/example/finjan/viewmodel/OrderViewModel.kt:74:52 Only safe (?.) or non-null asserted (!!.) calls are allowed on a nullable receiver of type 'kotlin.Throwable?'.
e: file:///home/ahmed/Dev/Antigravity/Finjan/app/src/main/java/com/example/finjan/viewmodel/OrderViewModel.kt:122:78 Only safe (?.) or non-null asserted (!!.) calls are allowed on a nullable receiver of type 'kotlin.Throwable?'.
e: file:///home/ahmed/Dev/Antigravity/Finjan/app/src/main/java/com/example/finjan/viewmodel/OrderViewModel.kt:149:79 Only safe (?.) or non-null asserted (!!.) calls are allowed on a nullable receiver of type 'kotlin.Throwable?'.
e: file:///home/ahmed/Dev/Antigravity/Finjan/app/src/main/java/com/example/finjan/viewmodel/OrderViewModel.kt:164:33 Overload resolution ambiguity between candidates:
fun observeOrder(orderId: String): Flow<Result<Order>>
fun observeOrder(orderId: String): Flow<Result<Order>>
e: file:///home/ahmed/Dev/Antigravity/Finjan/app/src/main/java/com/example/finjan/viewmodel/OrderViewModel.kt:164:55 Unresolved reference 'collect'.
e: file:///home/ahmed/Dev/Antigravity/Finjan/app/src/main/java/com/example/finjan/viewmodel/OrderViewModel.kt:164:65 Cannot infer type for this parameter. Please specify it explicitly.
e: file:///home/ahmed/Dev/Antigravity/Finjan/app/src/main/java/com/example/finjan/viewmodel/OrderViewModel.kt:166:24 One type argument expected. Use class 'Success' if you don't intend to pass type arguments.
e: file:///home/ahmed/Dev/Antigravity/Finjan/app/src/main/java/com/example/finjan/viewmodel/OrderViewModel.kt:167:54 Unresolved reference 'data'.
e: file:///home/ahmed/Dev/Antigravity/Finjan/app/src/main/java/com/example/finjan/viewmodel/OrderViewModel.kt:171:56 Only safe (?.) or non-null asserted (!!.) calls are allowed on a nullable receiver of type 'kotlin.Throwable?'.

FAILURE: Build failed with an exception.

* What went wrong:
Execution failed for task ':app:compileDebugKotlin'.
> A failure occurred while executing org.jetbrains.kotlin.compilerRunner.GradleCompilerRunnerWithWorkers$GradleKotlinCompilerWorkAction
   > Compilation error. See log for more details

* Try:
> Run with --stacktrace option to get the stack trace.
> Run with --info or --debug option to get more log output.
> Run with --scan to get full insights.
> Get more help at https://help.gradle.org.

BUILD FAILED in 3s
32 actionable tasks: 1 executed, 31 up-to-date
